// Jest Snapshot v1, https://goo.gl/fbAQLP

exports[`Sort describe block renders snapshot 1`] = `
<div
  className="button-container"
>
  <button
    className="button-active"
    onClick={[Function]}
  >
    Title
    <span>
      ^
    </span>
  </button>
  <button
    className=""
    onClick={[Function]}
  >
    Author
    <span />
  </button>
  <button
    className=""
    onClick={[Function]}
  >
    Points
    <span />
  </button>
  <button
    className=""
    onClick={[Function]}
  >
    Number of Comments
    <span />
  </button>
</div>
`;
